
                                +----------------+
------------------------------ { Script And Files }  ------------------------------
                                +----------------+

	Script Log File : /home/paxterra/Documents/TestON_Workspace/TestON/logs/FVProtoSlicing_24_Mar_2013_17_53_03/FVProtoSlicing_24_Mar_2013_17_53_03.log
	Report Log File : /home/paxterra/Documents/TestON_Workspace/TestON/logs/FVProtoSlicing_24_Mar_2013_17_53_03/FVProtoSlicing_24_Mar_2013_17_53_03.rpt
	FlowVisor Session Log : /home/paxterra/Documents/TestON_Workspace/TestON/logs/FVProtoSlicing_24_Mar_2013_17_53_03/FlowVisor.session
	FloodLight Session Log : /home/paxterra/Documents/TestON_Workspace/TestON/logs/FVProtoSlicing_24_Mar_2013_17_53_03/FloodLight.session
	Pax_DPVM1 Session Log : /home/paxterra/Documents/TestON_Workspace/TestON/logs/FVProtoSlicing_24_Mar_2013_17_53_03/Pax_DPVM1.session
	Test Script :/home/paxterra/Documents/TestON_Workspace/TestON/Tests/FVProtoSlicing.py
	Test Params : /home/paxterra/Documents/TestON_Workspace/TestON/Tests/FVProtoSlicing.params
	Topology : /home/paxterra/Documents/TestON_Workspace/TestON/Tests/FVProtoSlicing.tpl
                              +------------------+
---------------------------  { Script Exec Params }  ---------------------------
                              +------------------+

	
	'CASE1': 
	'dl_type': '0x800'
	 'tp_dst': '22'
	 'controller': 'c1'
	 'nw_src': '10.0.0.2'
	 'permissions': '4'
	 'src': 'h2'
	 'slice': 'SSH'
	 'target': 'h3'
	 'destination': 'h2'
	 'nw_proto': '6'
	 'STEP1': 
	'host': 'h2'
	
	
	 'mail': 'anil4haart@gmail.com
	paxweb@paxterrasolutions.com'
	 'testcases': '1'
	

                               +---------------+
----------------------------- { Components Used }  -----------------------------
                               +---------------+
	FlowVisor
	FloodLight
	Pax_DPVM1


                              +--------+
---------------------------- { Topology }  ----------------------------
                              +--------+

	
	'FlowVisor': 
	'remote_user_name': 'Paxterra'
	 'COMPONENTS': ''
	 'user': 'paxterra'
	 'remote_ip_address': '24.6.49.222'
	 'remote_port': '6500'
	 'remote_pwd': '0nLab_gu3st'
	 'password': '0nLab_gu3st'
	 'type': 'FlowVisorCliDriver'
	 'host': '10.128.4.2'
	 'fvadmin_pwd': None
	
	 'FloodLight': 
	'remote_user_name': 'Paxterra'
	 'COMPONENTS': ''
	 'user': 'paxterra'
	 'remote_ip_address': '24.6.49.222'
	 'remote_port': '6500'
	 'remote_pwd': '0nLab_gu3st'
	 'password': '0nLab_gu3st'
	 'type': 'RemoteVMDriver'
	 'host': '10.128.4.3'
	
	 'Pax_DPVM1': 
	'remote_user_name': 'Paxterra'
	 'COMPONENTS': ''
	 'user': 'paxterra'
	 'remote_ip_address': '24.6.49.222'
	 'remote_port': '6500'
	 'remote_pwd': '0nLab_gu3st'
	 'password': '0nLab_gu3st'
	 'type': 'RemoteVMDriver'
	 'host': '10.128.4.5'
	
	
------------------------------------------------------------

******************************
 CASE INIT 
******************************

******************************
 Result summary for Testcase1
******************************

*****************************
 Result: Pass 
*****************************


*************************************
	Test Execution Summary

************************************* 

 Test Start           : 24 Mar 2013 17:53:03
 Test End             : 24 Mar 2013 17:54:55
 Execution Time       : 0:01:51.982605
 Total tests planned  : 1
 Total tests RUN      : 1
 Total Pass           : 1
 Total Fail           : 0
 Total No Result      : 0
 Success Percentage   : 100%
 Execution Result     : 100%