
                                +----------------+
------------------------------ { Script And Files }  ------------------------------
                                +----------------+

	Script Log File : /home/paxterra/Documents/TestON_Workspace/TestON/logs/Assert_11_Mar_2013_14_56_21/Assert_11_Mar_2013_14_56_21.log
	Report Log File : /home/paxterra/Documents/TestON_Workspace/TestON/logs/Assert_11_Mar_2013_14_56_21/Assert_11_Mar_2013_14_56_21.rpt
	Test Script :/home/paxterra/Documents/TestON_Workspace/TestON/Tests/Assert.py
	Test Params : /home/paxterra/Documents/TestON_Workspace/TestON/Tests/Assert.params
	Topology : /home/paxterra/Documents/TestON_Workspace/TestON/Tests/Assert.tpl
                              +------------------+
---------------------------  { Script Exec Params }  ---------------------------
                              +------------------+

	
	'testcases': '1'
	

                               +---------------+
----------------------------- { Components Used }  -----------------------------
                               +---------------+


                              +--------+
---------------------------- { Topology }  ----------------------------
                              +--------+

	
------------------------------------------------------------

******************************
 CASE INIT 
******************************

******************************
 Result summary for Testcase1
******************************

[REPORT] [11 Mar 2013 14:56:21] expect is not greater than the actual
[REPORT] [11 Mar 2013 14:56:21] expect is not lesser than the actual
*****************************
 Result: Failed 
*****************************


*************************************
	Test Execution Summary

************************************* 

 Test Start           : 11 Mar 2013 14:56:21
 Test End             : 11 Mar 2013 14:56:21
 Execution Time       : 0:00:00.006624
 Total tests planned  : 1
 Total tests RUN      : 1
 Total Pass           : 0
 Total Fail           : 1
 Total No Result      : 0
 Success Percentage   : 0%
 Execution Result     : 100%